################################################################################
#                                                                              #
#      IAR Universal Linker V6.6.2.104                                         #
#                                                                              #
#           Link time     =  29/Nov/2022  17:26:28                             #
#           Target CPU    =  MSP430                                            #
#           List file     =  "C:\Users\Yariel Mercado\Desktop\KasinoGroup#07\D #
#                            ebug\List\KasinoGroup#07.map"                     #
#           Output file 1 =  "C:\Users\Yariel Mercado\Desktop\KasinoGroup#07\D #
#                            ebug\Exe\KasinoGroup#07.d43"                      #
#                            Format: ubrof10                                   #
#                            UBROF version 10.0.6                              #
#                            Using library modules for C-SPY (-rt)             #
#           Command line  =  -f                                                #
#                            C:\Users\YARIEL~1\AppData\Local\Temp\EWA113.tmp   #
#                            ("C:\Users\Yariel Mercado\Desktop\KasinoGroup#07\ #
#                            Debug\Obj\asm.r43"                                #
#                            -o                                                #
#                            "C:\Users\Yariel Mercado\Desktop\KasinoGroup#07\D #
#                            ebug\Exe\KasinoGroup#07.d43"                      #
#                            -l                                                #
#                            "C:\Users\Yariel Mercado\Desktop\KasinoGroup#07\D #
#                            ebug\List\KasinoGroup#07.map"                     #
#                            -xms "-ID:\Program Files (HDD)\430\LIB\\" -f      #
#                            "D:\Program Files (HDD)\430\config\linker\lnk430f #
#                            r6989.xcl"                                        #
#                            (-cmsp430 -QCODE_I=CODE_ID -QTLS16_I=TLS16_ID     #
#                            -D__iar_HWMUL=4C0 -Z(CONST)INFO=1800-19FF         #
#                            -Z(CONST)INFOA=1980-19FF                          #
#                            -Z(CONST)INFOB=1900-197F                          #
#                            -Z(CONST)INFOC=1880-18FF                          #
#                            -Z(CONST)INFOD=1800-187F                          #
#                            -Z(DATA)TINYRAM=0006-001F                         #
#                            -Z(DATA)DATA16_I,DATA16_Z,DATA16_N,TLS16_I=1C00-2 #
#                            3FF                                               #
#                            -Z(DATA)CODE_I                                    #
#                            -Z(DATA)DATA20_I,DATA20_Z,DATA20_N                #
#                            -Z(DATA)CSTACK+_STACK_SIZE#                       #
#                            -Z(CONST)DATA16_P,DATA20_P=4400-FF7F              #
#                            -Z(DATA)DATA16_HEAP+_DATA16_HEAP_SIZE             #
#                            -Z(DATA)DATA20_HEAP+_DATA20_HEAP_SIZE             #
#                            -Z(CONST)MPU_B1 -Z(CONST)IPE_B1=4400-FF7F         #
#                            -Z(DATA)IPEDATA16_N -Z(CODE)IPECODE16             #
#                            -Z(CONST)IPEDATA16_C,IPE_B2 -Z(CONST)MPU_B2       #
#                            -Z(CONST)DATA16_C,DATA16_ID,TLS16_ID,DIFUNCT,CHEC #
#                            KSUM=4400-FF7F                                    #
#                            -Z(CODE)CSTART,ISR_CODE,CODE16=4400-FF7F          #
#                            -P(CODE)CODE=4400-FF7F,10000-23FF7                #
#                            -Z(CODE)CODE_PAD                                  #
#                            -Z(CONST)DATA20_C,DATA20_ID,CODE_ID=4400-FF7F,100 #
#                            40-23FF7                                          #
#                            -Z(CONST)SIGNATURE=FF80-FF8F                      #
#                            -Z(CONST)JTAGSIGNATURE=FF80-FF83                  #
#                            -Z(CONST)BSLSIGNATURE=FF84-FF87                   #
#                            -Z(CONST)IPESIGNATURE=FF88-FF8F                   #
#                            -Z(CODE)INTVEC=FF90-FFFF                          #
#                            -Z(CODE)RESET=FFFE-FFFF) -f                       #
#                            "D:\Program Files (HDD)\430\config\linker\multipl #
#                            ier32.xcl"                                        #
#                            (-e?Mul8Hw=?Mul8 -e?Mul16Hw=?Mul16                #
#                            -e?Mul16to32uHw=?Mul16to32u                       #
#                            -e?Mul16to32sHw=?Mul16to32s -e?Mul32Hw32=?Mul32   #
#                            -e?Mul64Hw32=_Mul64i                              #
#                            -e?Mul32u32uto64iHw32=_Mul32u32uto64i             #
#                            -e?Mul32fHw32=_Mul32f                             #
#                            -e_Mul64fHw32Ptr=_Mul64fPtr) -D_STACK_SIZE=A0     #
#                            -rt -D_DATA16_HEAP_SIZE=A0                        #
#                            -D_DATA20_HEAP_SIZE=50)                           #
#                                                                              #
#                           Copyright (C) 1987-2019 IAR Systems AB.            #
################################################################################





                ****************************************
                *                                      *
                *           CROSS REFERENCE            *
                *                                      *
                ****************************************

                  There are no program entries.


                ****************************************
                *                                      *
                *    AUTOMATIC SYMBOL REDIRECTIONS     *
                *                                      *
                ****************************************

                  There are no automatic symbol redirections.



                ****************************************
                *                                      *
                *              MODULE MAP              *
                *                                      *
                ****************************************


  DEFINED ABSOLUTE ENTRIES
    *************************************************************************

  DEFINED ABSOLUTE ENTRIES
  PROGRAM MODULE, NAME : ?ABS_ENTRY_MOD

Absolute parts
           ENTRY                   ADDRESS         REF BY
           =====                   =======         ======
           _DATA20_HEAP_SIZE       0050 
           _DATA16_HEAP_SIZE       00A0 
           _STACK_SIZE             00A0 
           __iar_HWMUL             04C0 
    *************************************************************************

  FILE NAME : C:\Users\Yariel Mercado\Desktop\KasinoGroup#07\Debug\Obj\asm.r43
  PROGRAM MODULE, NAME : main

Absolute parts
     FFDA - FFDB
     FFE8 - FFE9
     FFFE - FFFF
           LOCAL                   ADDRESS         
           =====                   =======         
           __MSP430FR5922__        0000 
  SEGMENTS IN THE MODULE
  ======================
CSTACK
  Relative segment, address: 2360, align: 1
  Segment part 0. ROOT 
    -------------------------------------------------------------------------
<CODE> 1 (was CODE)
  Relative segment, address: 4400 - 663D (0x223e bytes), align: 1
  Segment part 1. ROOT        Intra module refs:   Absolute parts
           ENTRY                   ADDRESS         REF BY
           =====                   =======         ======
           main                    6142 
           LOCAL                   ADDRESS         
           =====                   =======         
           ISR_TIMER               65F4 
           ISR_PORT1               6604 
           init                    60D4 
           CHAR_H                  6000 
           DIGIT_H                 601A 
           CHAR_L                  6025 
           DIGIT_L                 603F 
           LCD_OFFSETS             604A 
           TITLE                   6050 
           RECORD                  6056 
           TEST                    605C 
           MODE_T                  6062 
           MODE_P                  6068 
           PLAYER                  606E 
           NO_NAME                 6074 
           FRAM                    607A 
           LUIS                    6080 
           ANTHON                  6086 
           YARIEL                  608C 
           NICOLE                  6092 
           DRACIR                  6098 
           UIMERF                  609E 
           ORAVAN                  60A4 
           PERDIO                  60AA 
           GANO                    60B0 
           S2CLR                   60B6 
           NAMES                   60BC 
           MODES                   60CA 
           SPEED                   60CE 
           UnlockGPIO              60D8 
           SUB_setupDeviceHardware
                                   60DC 
           SUB_initializeValues    6158 
           SUB_disableTimer        65D2 
           SUB_FRAMSetup           6168 
           SUB_titleScreen         63DA 
           validateFRAM            6174 
           endFRAMSetup            619C 
           initializeFRAM          6186 
           SUB_buttonStateManager
                                   61A2 
           callTitleScreen         61D6 
           callRecordScreen        61DC 
           callPlayerScreen        61E2 
           callPlayerSelectionScreen
                                   61E8 
           callModeSelectionScreen
                                   61EE 
           callTestModeScreen      61F4 
           callProModeScreen       61FA 
           callLoserScreen         6200 
           callWinnerScreen        6206 
           callS2Screen            620C 
           endButtonManager        6212 
           SUB_recordScreen        63E4 
           SUB_playerScreen        644C 
           SUB_playerSelectionScreen
                                   6456 
           SUB_modeSelectionScreen
                                   647A 
           SUB_testModeScreen      649C 
           SUB_proModeScreen       64F6 
           SUB_perdioScreen        6558 
           SUB_ganoScreen          6562 
           SUB_S2CLRscreen         656C 
           SUB_timerStateManager   6214 
           callUpdateRecordScreen
                                   6230 
           callUpdateTestModeDigit
                                   6236 
           callUpdateProModeDigit
                                   623C 
           callS2ScreenLoss        6242 
           callS2ScreenWin         6248 
           endTimerManager         624E 
           SUB_updateRecordScreen
                                   6436 
           SUB_updateTestDigit     64E0 
           SUB_updateProDigit      6542 
           SUB_s2clrTransitionPerdio
                                   63AE 
           SUB_s2clrTransitionGano
                                   63BE 
           SUB_S1ButtonHandler     6250 
           callRecordTransition    6276 
           callPlayerSelectTransition
                                   627C 
           callUpdatePlayerScreen
                                   6282 
           callUpdateGameModeScreen
                                   6288 
           callSelectTestSegment   628E 
           callSelectProSegment    6294 
           callPlayAgain           629A 
           endS1ButtonHandler      62A0 
           SUB_recordStateTransition
                                   62EA 
           SUB_playerSelectionStateTransition
                                   6308 
           SUB_updatePlayerScreen
                                   6466 
           SUB_updateModeScreen    648A 
           SUB_selectionTest       64A4 
           SUB_selectionPro        6502 
           SUB_titleScreenTransition
                                   63CE 
           SUB_S2ButtonHandler     62A2 
           callPlayerScreenTransition
                                   62B8 
           callModeSelectTransition
                                   62BE 
           callGameTransition      62C4 
           callRecordCLR           62E2 
           endS2ButtonHandler      62E8 
           SUB_playerScreenStateTransition
                                   62FC 
           SUB_modeSelectionTransition
                                   6312 
           SUB_testOrProModeTransition
                                   6322 
           callTestModeTransition
                                   62D6 
           callProModeTransition   62DC 
           SUB_testModeTransition
                                   6334 
           SUB_proModeTransition   633E 
           SUB_clrRecords          6576 
           SUB_enableTimer         65DE 
           SUB_perdioTransitionTest
                                   6348 
           SUB_updateTestScore     64D0 
           SUB_ganoTransitionTest
                                   6360 
           SUB_perdioTransitionPro
                                   637A 
           SUB_updateProScore      652E 
           SUB_ganoTransitionPro   6392 
           SUB_displayCharacterArray
                                   6586 
           drawRecord              63FC 
           drawTopScorer           6406 
           drawTopProScore         6410 
           drawTest                6416 
           drawTestScore           6420 
           endRecordScreen         6434 
           drawScore               6426 
           resetR4Index            643E 
           updateScreen            6442 
           resetPlayerIterator     6470 
           updateSelection         6474 
           resetModeIterator       6492 
           updateModeSelection     6496 
           SUB_displaySegmentData
                                   65BC 
           storeFirstDigit         64BA 
           perdioTestMode          64C2 
           ganoTestMode            64C8 
           endTestSelection        64CE 
           newRecordTest           64D8 
           endTestScoreUpdate      64DE 
           perdioTestDigitOverflow
                                   64EA 
           updateTestSegment       64F0 
           storeFirstDigitPro      6518 
           perdioProMode           6520 
           ganoProMode             6526 
           endProModeSelection     652C 
           newRecordPro            6536 
           endProScoreUpdate       6540 
           perdioProDigitOverflow
                                   654C 
           updateProSegment        6552 
           displayCharacterData    6590 
           endDrawing              65B4 
           SUB_delay               65E6 
           loop                    65EC 
           TIMER_ISR_END           6602 
           S1Success               6618 
           S2Success               6628 
           PORT1_ISR_END           6638 




                ****************************************
                *                                      *
                *      SEGMENTS IN ADDRESS ORDER       *
                *                                      *
                ****************************************


SEGMENT              SPACE    START ADDRESS   END ADDRESS     SIZE  TYPE  ALIGN
=======              =====    =============   ===========     ====  ====  =====
CSTACK                                 2360 - 23FF              A0   rel    1
<CODE> 1                               4400 - 663D            223E   rel    1
                                       FFDA - FFDB               2  aseg  
                                       FFE8 - FFE9               2  aseg  
                                       FFFE - FFFF               2  aseg  

                ****************************************
                *                                      *
                *        END OF CROSS REFERENCE        *
                *                                      *
                ****************************************

 8 766 bytes of CODE memory (+ 6 absolute )
   160 bytes of DATA memory

Errors: none
Warnings: none

